Framework Information:
MOOSE Version:           git commit b85414d92b on 2025-11-25
LibMesh Version:         910736a3a20aded528c3ba99371ce65980dc8e2c
PETSc Version:           3.24.0
SLEPc Version:           3.24.0
Current Time:            Wed Sep  2 20:12:08 2026
Executable Timestamp:    Wed Nov 26 18:13:58 2025

Input File(s):
  /home/lloydf/dic-prob-val/sims/hole_notch_2d_plas_linear_prob.i

Command Line Argument(s):
  --n-threads=1

Checkpoint:
  Wall Time Interval:      Every 3600 s
  User Checkpoint:         Disabled
  # Checkpoints Kept:      2
  Execute On:              TIMESTEP_END 

Parallelism:
  Num Processors:          1
  Num Threads:             1

Mesh: 
  Parallel Type:           replicated
  Mesh Dimension:          2
  Spatial Dimension:       2
  Nodes:                   6324
  Elems:                   3056
  Num Subdomains:          1

Nonlinear System:
  Num DOFs:                14282
  Num Local DOFs:          14282
  Variables:               { "disp_x" "disp_y" } "scalar_strain_zz" 
  Finite Element Types:    "LAGRANGE" "LAGRANGE" 
  Approximation Orders:    "SECOND" "FIRST" 

Auxiliary System:
  Num DOFs:                42784
  Num Local DOFs:          42784
  Variables:               { "vonmises_stress" "strain_xx" "strain_yy" "strain_zz" "strain_xy" ... "stress_xx" 
                             "stress_yy" "stress_zz" "stress_xy" "effective_plastic_strain_out" } 
  Finite Element Types:    "MONOMIAL" 
  Approximation Orders:    "CONSTANT" 

Execution Information:
  Executioner:             Transient
  TimeStepper:             IterationAdaptiveDT
  TimeIntegrator(s):       ImplicitEuler
  Solver Mode:             NEWTON 
  PETSc Preconditioner:    lu 
  MOOSE Preconditioner:    SMP 

Time Step 0, time = 0

Postprocessor Values:
+----------------+----------------+-----------------------+
| time           | disp_y_max     | plastic_strain_eq_max |
+----------------+----------------+-----------------------+
|   0.000000e+00 |   0.000000e+00 |          0.000000e+00 |
+----------------+----------------+-----------------------+
+----------------+----------------+----------------+
| time           | react_y_top    | stress_vm_max  |
+----------------+----------------+----------------+
|   0.000000e+00 |   0.000000e+00 |   0.000000e+00 |
+----------------+----------------+----------------+


Time Step 1, time = 0.5, dt = 0.5
 Skipping predictor this step
 0 Nonlinear |R| = [32m1.102626e-05[39m
      0 Linear |R| = [32m1.102626e-05[39m
      1 Linear |R| = [32m2.026392e-19[39m
 1 Nonlinear |R| = [32m2.583626e-06[39m
      0 Linear |R| = [32m2.583626e-06[39m
      1 Linear |R| = [32m6.250019e-19[39m
 2 Nonlinear |R| = [32m2.332414e-06[39m
      0 Linear |R| = [32m2.332414e-06[39m
      1 Linear |R| = [32m4.763245e-19[39m
 3 Nonlinear |R| = [32m1.887948e-06[39m
      0 Linear |R| = [32m1.887948e-06[39m
      1 Linear |R| = [32m5.283881e-19[39m
 4 Nonlinear |R| = [32m1.400512e-06[39m
      0 Linear |R| = [32m1.400512e-06[39m
      1 Linear |R| = [32m4.005775e-19[39m
 5 Nonlinear |R| = [33m1.335482e-06[39m
      0 Linear |R| = [32m1.335482e-06[39m
      1 Linear |R| = [32m8.273762e-20[39m
 6 Nonlinear |R| = [32m1.059694e-06[39m
      0 Linear |R| = [32m1.059694e-06[39m
      1 Linear |R| = [32m4.878051e-19[39m
 7 Nonlinear |R| = [33m1.027419e-06[39m
      0 Linear |R| = [32m1.027419e-06[39m
      1 Linear |R| = [32m3.580980e-19[39m
 8 Nonlinear |R| = [33m1.022410e-06[39m
      0 Linear |R| = [32m1.022410e-06[39m
      1 Linear |R| = [32m3.212380e-20[39m
 9 Nonlinear |R| = [32m6.715489e-07[39m
  Nonlinear solve converged due to CONVERGED_FNORM_ABS iterations 9
[32m Solve Converged![39m
Currently Executing
  Finished Solving                                                                       [[33m 16.84 s[39m] [[33m  258 MB[39m]

Outlier Variable Residual Norms:
  disp_y: [31m6.135608e-07[39m

Postprocessor Values:
+----------------+----------------+-----------------------+
| time           | disp_y_max     | plastic_strain_eq_max |
+----------------+----------------+-----------------------+
|   0.000000e+00 |   0.000000e+00 |          0.000000e+00 |
|   5.000000e-01 |   1.324828e-02 |          1.902368e-02 |
+----------------+----------------+-----------------------+
+----------------+----------------+----------------+
| time           | react_y_top    | stress_vm_max  |
+----------------+----------------+----------------+
|   0.000000e+00 |   0.000000e+00 |   0.000000e+00 |
|   5.000000e-01 |   1.158911e+03 |   3.028284e+02 |
+----------------+----------------+----------------+


Time Step 2, time = 1, dt = 0.5
  Applying predictor with scale factor = 1
 0 Nonlinear |R| = [32m1.154276e-06[39m
      0 Linear |R| = [32m1.154276e-06[39m
      1 Linear |R| = [32m5.352585e-20[39m
 1 Nonlinear |R| = [33m1.104688e-06[39m
      0 Linear |R| = [32m1.104688e-06[39m
      1 Linear |R| = [32m2.659708e-20[39m
 2 Nonlinear |R| = [32m7.366234e-07[39m
  Nonlinear solve converged due to CONVERGED_FNORM_ABS iterations 2
[32m Solve Converged![39m

Postprocessor Values:
+----------------+----------------+-----------------------+
| time           | disp_y_max     | plastic_strain_eq_max |
+----------------+----------------+-----------------------+
|   0.000000e+00 |   0.000000e+00 |          0.000000e+00 |
|   5.000000e-01 |   1.324828e-02 |          1.902368e-02 |
|   1.000000e+00 |   1.913781e-02 |          2.422184e-02 |
+----------------+----------------+-----------------------+
+----------------+----------------+----------------+
| time           | react_y_top    | stress_vm_max  |
+----------------+----------------+----------------+
|   0.000000e+00 |   0.000000e+00 |   0.000000e+00 |
|   5.000000e-01 |   1.158911e+03 |   3.028284e+02 |
|   1.000000e+00 |  -5.364735e+02 |   3.090662e+02 |
+----------------+----------------+----------------+


Time Step 3, time = 1.6, dt = 0.6
  Applying predictor with scale factor = 1
 0 Nonlinear |R| = [32m1.440880e-06[39m
      0 Linear |R| = [32m1.440880e-06[39m
      1 Linear |R| = [32m9.004105e-20[39m
 1 Nonlinear |R| = [33m1.415061e-06[39m
      0 Linear |R| = [32m1.415061e-06[39m
      1 Linear |R| = [32m7.741057e-20[39m
 2 Nonlinear |R| = [32m1.169462e-06[39m
      0 Linear |R| = [32m1.169462e-06[39m
      1 Linear |R| = [32m1.138755e-19[39m
 3 Nonlinear |R| = [33m1.132948e-06[39m
      0 Linear |R| = [32m1.132948e-06[39m
      1 Linear |R| = [32m8.727856e-20[39m
 4 Nonlinear |R| = [32m8.740956e-07[39m
  Nonlinear solve converged due to CONVERGED_FNORM_ABS iterations 4
[32m Solve Converged![39m
  Finished Solving                                                                       [[33m  7.47 s[39m] [[33m  241 MB[39m]

Postprocessor Values:
+----------------+----------------+-----------------------+
| time           | disp_y_max     | plastic_strain_eq_max |
+----------------+----------------+-----------------------+
|   0.000000e+00 |   0.000000e+00 |          0.000000e+00 |
|   5.000000e-01 |   1.324828e-02 |          1.902368e-02 |
|   1.000000e+00 |   1.913781e-02 |          2.422184e-02 |
|   1.600000e+00 |   2.743032e-02 |          3.522158e-02 |
+----------------+----------------+-----------------------+
+----------------+----------------+----------------+
| time           | react_y_top    | stress_vm_max  |
+----------------+----------------+----------------+
|   0.000000e+00 |   0.000000e+00 |   0.000000e+00 |
|   5.000000e-01 |   1.158911e+03 |   3.028284e+02 |
|   1.000000e+00 |  -5.364735e+02 |   3.090662e+02 |
|   1.600000e+00 |   1.778569e+03 |   3.222659e+02 |
+----------------+----------------+----------------+


Time Step 4, time = 2.32, dt = 0.72
  Applying predictor with scale factor = 1
 0 Nonlinear |R| = [32m1.915371e-06[39m
      0 Linear |R| = [32m1.915371e-06[39m
      1 Linear |R| = [32m1.311546e-19[39m
 1 Nonlinear |R| = [32m1.747377e-06[39m
      0 Linear |R| = [32m1.747377e-06[39m
      1 Linear |R| = [32m5.300684e-20[39m
 2 Nonlinear |R| = [32m1.428718e-06[39m
      0 Linear |R| = [32m1.428718e-06[39m
      1 Linear |R| = [32m2.253073e-20[39m
 3 Nonlinear |R| = [33m1.364853e-06[39m
      0 Linear |R| = [32m1.364853e-06[39m
      1 Linear |R| = [32m5.338715e-21[39m
 4 Nonlinear |R| = [32m5.219129e-07[39m
  Nonlinear solve converged due to CONVERGED_FNORM_ABS iterations 4
[32m Solve Converged![39m
  Finished Solving                                                                       [[33m  7.97 s[39m] [[33m  242 MB[39m]

Postprocessor Values:
+----------------+----------------+-----------------------+
| time           | disp_y_max     | plastic_strain_eq_max |
+----------------+----------------+-----------------------+
|   0.000000e+00 |   0.000000e+00 |          0.000000e+00 |
|   5.000000e-01 |   1.324828e-02 |          1.902368e-02 |
|   1.000000e+00 |   1.913781e-02 |          2.422184e-02 |
|   1.600000e+00 |   2.743032e-02 |          3.522158e-02 |
|   2.320000e+00 |   3.452783e-02 |          3.570637e-02 |
+----------------+----------------+-----------------------+
+----------------+----------------+----------------+
| time           | react_y_top    | stress_vm_max  |
+----------------+----------------+----------------+
|   0.000000e+00 |   0.000000e+00 |   0.000000e+00 |
|   5.000000e-01 |   1.158911e+03 |   3.028284e+02 |
|   1.000000e+00 |  -5.364735e+02 |   3.090662e+02 |
|   1.600000e+00 |   1.778569e+03 |   3.222659e+02 |
|   2.320000e+00 |   1.818484e+03 |   3.118746e+02 |
+----------------+----------------+----------------+


Time Step 5, time = 3.184, dt = 0.864
  Applying predictor with scale factor = 1
 0 Nonlinear |R| = [32m1.298224e-06[39m
      0 Linear |R| = [32m1.298224e-06[39m
      1 Linear |R| = [32m2.419265e-20[39m
 1 Nonlinear |R| = [32m1.192147e-06[39m
      0 Linear |R| = [32m1.192147e-06[39m
      1 Linear |R| = [32m7.085494e-20[39m
 2 Nonlinear |R| = [33m1.154191e-06[39m
      0 Linear |R| = [32m1.154191e-06[39m
      1 Linear |R| = [32m4.883425e-20[39m
 3 Nonlinear |R| = [32m9.981712e-07[39m
  Nonlinear solve converged due to CONVERGED_FNORM_ABS iterations 3
[32m Solve Converged![39m
  Finished Solving                                                                       [[33m  5.57 s[39m] [[33m  242 MB[39m]

Postprocessor Values:
+----------------+----------------+-----------------------+
| time           | disp_y_max     | plastic_strain_eq_max |
+----------------+----------------+-----------------------+
|   0.000000e+00 |   0.000000e+00 |          0.000000e+00 |
|   5.000000e-01 |   1.324828e-02 |          1.902368e-02 |
|   1.000000e+00 |   1.913781e-02 |          2.422184e-02 |
|   1.600000e+00 |   2.743032e-02 |          3.522158e-02 |
|   2.320000e+00 |   3.452783e-02 |          3.570637e-02 |
|   3.184000e+00 |   4.151013e-02 |          6.972273e-02 |
+----------------+----------------+-----------------------+
+----------------+----------------+----------------+
| time           | react_y_top    | stress_vm_max  |
+----------------+----------------+----------------+
|   0.000000e+00 |   0.000000e+00 |   0.000000e+00 |
|   5.000000e-01 |   1.158911e+03 |   3.028284e+02 |
|   1.000000e+00 |  -5.364735e+02 |   3.090662e+02 |
|   1.600000e+00 |   1.778569e+03 |   3.222659e+02 |
|   2.320000e+00 |   1.818484e+03 |   3.118746e+02 |
|   3.184000e+00 |   9.902301e+02 |   3.636673e+02 |
+----------------+----------------+----------------+


Time Step 6, time = 4.184, dt = 1
  Applying predictor with scale factor = 1
 0 Nonlinear |R| = [32m2.203168e-06[39m
      0 Linear |R| = [32m2.203168e-06[39m
      1 Linear |R| = [32m5.507442e-20[39m
 1 Nonlinear |R| = [32m1.961721e-06[39m
      0 Linear |R| = [32m1.961721e-06[39m
      1 Linear |R| = [32m3.789537e-20[39m
 2 Nonlinear |R| = [32m1.464234e-06[39m
      0 Linear |R| = [32m1.464234e-06[39m
      1 Linear |R| = [32m4.746812e-20[39m
 3 Nonlinear |R| = [33m1.396194e-06[39m
      0 Linear |R| = [32m1.396194e-06[39m
      1 Linear |R| = [32m2.443647e-20[39m
 4 Nonlinear |R| = [32m1.075853e-06[39m
      0 Linear |R| = [32m1.075853e-06[39m
      1 Linear |R| = [32m6.286441e-20[39m
 5 Nonlinear |R| = [33m1.039627e-06[39m
      0 Linear |R| = [32m1.039627e-06[39m
      1 Linear |R| = [32m6.716516e-20[39m
 6 Nonlinear |R| = [33m9.914223e-07[39m
  Nonlinear solve converged due to CONVERGED_FNORM_ABS iterations 6
[32m Solve Converged![39m
  Finished Solving                                                                       [[33m 10.74 s[39m] [[33m  242 MB[39m]

Postprocessor Values:
+----------------+----------------+-----------------------+
| time           | disp_y_max     | plastic_strain_eq_max |
+----------------+----------------+-----------------------+
|   0.000000e+00 |   0.000000e+00 |          0.000000e+00 |
|   5.000000e-01 |   1.324828e-02 |          1.902368e-02 |
|   1.000000e+00 |   1.913781e-02 |          2.422184e-02 |
|   1.600000e+00 |   2.743032e-02 |          3.522158e-02 |
|   2.320000e+00 |   3.452783e-02 |          3.570637e-02 |
|   3.184000e+00 |   4.151013e-02 |          6.972273e-02 |
|   4.184000e+00 |   5.158805e-02 |          7.179027e-02 |
+----------------+----------------+-----------------------+
+----------------+----------------+----------------+
| time           | react_y_top    | stress_vm_max  |
+----------------+----------------+----------------+
|   0.000000e+00 |   0.000000e+00 |   0.000000e+00 |
|   5.000000e-01 |   1.158911e+03 |   3.028284e+02 |
|   1.000000e+00 |  -5.364735e+02 |   3.090662e+02 |
|   1.600000e+00 |   1.778569e+03 |   3.222659e+02 |
|   2.320000e+00 |   1.818484e+03 |   3.118746e+02 |
|   3.184000e+00 |   9.902301e+02 |   3.636673e+02 |
|   4.184000e+00 |   3.061664e+03 |   3.398221e+02 |
+----------------+----------------+----------------+


Time Step 7, time = 5.184, dt = 1
  Applying predictor with scale factor = 1
 0 Nonlinear |R| = [32m1.964677e-06[39m
      0 Linear |R| = [32m1.964677e-06[39m
      1 Linear |R| = [32m4.276931e-20[39m
 1 Nonlinear |R| = [32m1.674527e-06[39m
      0 Linear |R| = [32m1.674527e-06[39m
      1 Linear |R| = [32m3.675676e-20[39m
 2 Nonlinear |R| = [32m1.315469e-06[39m
      0 Linear |R| = [32m1.315469e-06[39m
      1 Linear |R| = [32m1.708023e-20[39m
 3 Nonlinear |R| = [32m1.076262e-06[39m
      0 Linear |R| = [32m1.076262e-06[39m
      1 Linear |R| = [32m5.049284e-20[39m
 4 Nonlinear |R| = [33m1.056174e-06[39m
      0 Linear |R| = [32m1.056174e-06[39m
      1 Linear |R| = [32m3.446648e-20[39m
 5 Nonlinear |R| = [33m1.039845e-06[39m
      0 Linear |R| = [32m1.039845e-06[39m
      1 Linear |R| = [32m2.375456e-20[39m
 6 Nonlinear |R| = [33m1.018474e-06[39m
      0 Linear |R| = [32m1.018474e-06[39m
      1 Linear |R| = [32m1.964077e-20[39m
 7 Nonlinear |R| = [33m1.000585e-06[39m
      0 Linear |R| = [32m1.000585e-06[39m
      1 Linear |R| = [32m1.542961e-20[39m
 8 Nonlinear |R| = [32m9.441581e-07[39m
  Nonlinear solve converged due to CONVERGED_FNORM_ABS iterations 8
[32m Solve Converged![39m
  Finished Solving                                                                       [[33m 15.74 s[39m] [[33m  242 MB[39m]

Outlier Variable Residual Norms:
  disp_y: [33m8.089019e-07[39m

Postprocessor Values:
+----------------+----------------+-----------------------+
| time           | disp_y_max     | plastic_strain_eq_max |
+----------------+----------------+-----------------------+
|   0.000000e+00 |   0.000000e+00 |          0.000000e+00 |
|   5.000000e-01 |   1.324828e-02 |          1.902368e-02 |
|   1.000000e+00 |   1.913781e-02 |          2.422184e-02 |
|   1.600000e+00 |   2.743032e-02 |          3.522158e-02 |
|   2.320000e+00 |   3.452783e-02 |          3.570637e-02 |
|   3.184000e+00 |   4.151013e-02 |          6.972273e-02 |
|   4.184000e+00 |   5.158805e-02 |          7.179027e-02 |
|   5.184000e+00 |   6.097872e-02 |          7.179301e-02 |
+----------------+----------------+-----------------------+
+----------------+----------------+----------------+
| time           | react_y_top    | stress_vm_max  |
+----------------+----------------+----------------+
|   0.000000e+00 |   0.000000e+00 |   0.000000e+00 |
|   5.000000e-01 |   1.158911e+03 |   3.028284e+02 |
|   1.000000e+00 |  -5.364735e+02 |   3.090662e+02 |
|   1.600000e+00 |   1.778569e+03 |   3.222659e+02 |
|   2.320000e+00 |   1.818484e+03 |   3.118746e+02 |
|   3.184000e+00 |   9.902301e+02 |   3.636673e+02 |
|   4.184000e+00 |   3.061664e+03 |   3.398221e+02 |
|   5.184000e+00 |   3.143135e+03 |   3.430217e+02 |
+----------------+----------------+----------------+


Time Step 8, time = 6.184, dt = 1
  Applying predictor with scale factor = 1
 0 Nonlinear |R| = [32m1.856451e-06[39m
      0 Linear |R| = [32m1.856451e-06[39m
      1 Linear |R| = [32m1.233937e-20[39m
 1 Nonlinear |R| = [32m1.316505e-06[39m
      0 Linear |R| = [32m1.316505e-06[39m
      1 Linear |R| = [32m2.341754e-20[39m
 2 Nonlinear |R| = [32m9.706771e-07[39m
  Nonlinear solve converged due to CONVERGED_FNORM_ABS iterations 2
[32m Solve Converged![39m

Postprocessor Values:
+----------------+----------------+-----------------------+
| time           | disp_y_max     | plastic_strain_eq_max |
+----------------+----------------+-----------------------+
|   0.000000e+00 |   0.000000e+00 |          0.000000e+00 |
|   5.000000e-01 |   1.324828e-02 |          1.902368e-02 |
|   1.000000e+00 |   1.913781e-02 |          2.422184e-02 |
|   1.600000e+00 |   2.743032e-02 |          3.522158e-02 |
|   2.320000e+00 |   3.452783e-02 |          3.570637e-02 |
|   3.184000e+00 |   4.151013e-02 |          6.972273e-02 |
|   4.184000e+00 |   5.158805e-02 |          7.179027e-02 |
|   5.184000e+00 |   6.097872e-02 |          7.179301e-02 |
|   6.184000e+00 |   7.129080e-02 |          7.201878e-02 |
+----------------+----------------+-----------------------+
+----------------+----------------+----------------+
| time           | react_y_top    | stress_vm_max  |
+----------------+----------------+----------------+
|   0.000000e+00 |   0.000000e+00 |   0.000000e+00 |
|   5.000000e-01 |   1.158911e+03 |   3.028284e+02 |
|   1.000000e+00 |  -5.364735e+02 |   3.090662e+02 |
|   1.600000e+00 |   1.778569e+03 |   3.222659e+02 |
|   2.320000e+00 |   1.818484e+03 |   3.118746e+02 |
|   3.184000e+00 |   9.902301e+02 |   3.636673e+02 |
|   4.184000e+00 |   3.061664e+03 |   3.398221e+02 |
|   5.184000e+00 |   3.143135e+03 |   3.430217e+02 |
|   6.184000e+00 |   3.489118e+03 |   3.664225e+02 |
+----------------+----------------+----------------+


Time Step 9, time = 7.184, dt = 1
  Applying predictor with scale factor = 1
 0 Nonlinear |R| = [32m1.924924e-06[39m
      0 Linear |R| = [32m1.924924e-06[39m
      1 Linear |R| = [32m4.002823e-20[39m
 1 Nonlinear |R| = [33m1.836922e-06[39m
      0 Linear |R| = [32m1.836922e-06[39m
      1 Linear |R| = [32m9.003209e-21[39m
 2 Nonlinear |R| = [32m1.138948e-06[39m
      0 Linear |R| = [32m1.138948e-06[39m
      1 Linear |R| = [32m5.406031e-20[39m
 3 Nonlinear |R| = [32m1.079879e-06[39m
      0 Linear |R| = [32m1.079879e-06[39m
      1 Linear |R| = [32m4.748114e-20[39m
 4 Nonlinear |R| = [33m1.051067e-06[39m
      0 Linear |R| = [32m1.051067e-06[39m
      1 Linear |R| = [32m2.342796e-20[39m
 5 Nonlinear |R| = [32m7.854190e-07[39m
  Nonlinear solve converged due to CONVERGED_FNORM_ABS iterations 5
[32m Solve Converged![39m
  Finished Solving                                                                       [[33m  9.16 s[39m] [[33m  242 MB[39m]

Postprocessor Values:
+----------------+----------------+-----------------------+
| time           | disp_y_max     | plastic_strain_eq_max |
+----------------+----------------+-----------------------+
|   0.000000e+00 |   0.000000e+00 |          0.000000e+00 |
|   5.000000e-01 |   1.324828e-02 |          1.902368e-02 |
|   1.000000e+00 |   1.913781e-02 |          2.422184e-02 |
|   1.600000e+00 |   2.743032e-02 |          3.522158e-02 |
|   2.320000e+00 |   3.452783e-02 |          3.570637e-02 |
|   3.184000e+00 |   4.151013e-02 |          6.972273e-02 |
|   4.184000e+00 |   5.158805e-02 |          7.179027e-02 |
|   5.184000e+00 |   6.097872e-02 |          7.179301e-02 |
|   6.184000e+00 |   7.129080e-02 |          7.201878e-02 |
|   7.184000e+00 |   8.089332e-02 |          7.869124e-02 |
+----------------+----------------+-----------------------+
+----------------+----------------+----------------+
| time           | react_y_top    | stress_vm_max  |
+----------------+----------------+----------------+
|   0.000000e+00 |   0.000000e+00 |   0.000000e+00 |
|   5.000000e-01 |   1.158911e+03 |   3.028284e+02 |
|   1.000000e+00 |  -5.364735e+02 |   3.090662e+02 |
|   1.600000e+00 |   1.778569e+03 |   3.222659e+02 |
|   2.320000e+00 |   1.818484e+03 |   3.118746e+02 |
|   3.184000e+00 |   9.902301e+02 |   3.636673e+02 |
|   4.184000e+00 |   3.061664e+03 |   3.398221e+02 |
|   5.184000e+00 |   3.143135e+03 |   3.430217e+02 |
|   6.184000e+00 |   3.489118e+03 |   3.664225e+02 |
|   7.184000e+00 |   2.869661e+03 |   3.508681e+02 |
+----------------+----------------+----------------+


Time Step 10, time = 8.184, dt = 1
  Applying predictor with scale factor = 1
 0 Nonlinear |R| = [32m1.533021e-06[39m
      0 Linear |R| = [32m1.533021e-06[39m
      1 Linear |R| = [32m3.747366e-20[39m
 1 Nonlinear |R| = [32m1.296942e-06[39m
      0 Linear |R| = [32m1.296942e-06[39m
      1 Linear |R| = [32m2.987139e-20[39m
 2 Nonlinear |R| = [32m1.083082e-06[39m
      0 Linear |R| = [32m1.083082e-06[39m
      1 Linear |R| = [32m3.489210e-20[39m
 3 Nonlinear |R| = [32m9.876517e-07[39m
  Nonlinear solve converged due to CONVERGED_FNORM_ABS iterations 3
[32m Solve Converged![39m
  Finished Solving                                                                       [[33m  5.78 s[39m] [[33m  241 MB[39m]

Postprocessor Values:
+----------------+----------------+-----------------------+
| time           | disp_y_max     | plastic_strain_eq_max |
+----------------+----------------+-----------------------+
|   0.000000e+00 |   0.000000e+00 |          0.000000e+00 |
|   5.000000e-01 |   1.324828e-02 |          1.902368e-02 |
|   1.000000e+00 |   1.913781e-02 |          2.422184e-02 |
|   1.600000e+00 |   2.743032e-02 |          3.522158e-02 |
|   2.320000e+00 |   3.452783e-02 |          3.570637e-02 |
|   3.184000e+00 |   4.151013e-02 |          6.972273e-02 |
|   4.184000e+00 |   5.158805e-02 |          7.179027e-02 |
|   5.184000e+00 |   6.097872e-02 |          7.179301e-02 |
|   6.184000e+00 |   7.129080e-02 |          7.201878e-02 |
|   7.184000e+00 |   8.089332e-02 |          7.869124e-02 |
|   8.184000e+00 |   9.066426e-02 |          8.591220e-02 |
+----------------+----------------+-----------------------+
+----------------+----------------+----------------+
| time           | react_y_top    | stress_vm_max  |
+----------------+----------------+----------------+
|   0.000000e+00 |   0.000000e+00 |   0.000000e+00 |
|   5.000000e-01 |   1.158911e+03 |   3.028284e+02 |
|   1.000000e+00 |  -5.364735e+02 |   3.090662e+02 |
|   1.600000e+00 |   1.778569e+03 |   3.222659e+02 |
|   2.320000e+00 |   1.818484e+03 |   3.118746e+02 |
|   3.184000e+00 |   9.902301e+02 |   3.636673e+02 |
|   4.184000e+00 |   3.061664e+03 |   3.398221e+02 |
|   5.184000e+00 |   3.143135e+03 |   3.430217e+02 |
|   6.184000e+00 |   3.489118e+03 |   3.664225e+02 |
|   7.184000e+00 |   2.869661e+03 |   3.508681e+02 |
|   8.184000e+00 |   3.013311e+03 |   3.665649e+02 |
+----------------+----------------+----------------+


Time Step 11, time = 9.184, dt = 1
  Applying predictor with scale factor = 1
 0 Nonlinear |R| = [32m1.253856e-06[39m
      0 Linear |R| = [32m1.253856e-06[39m
      1 Linear |R| = [32m3.200420e-20[39m
 1 Nonlinear |R| = [32m1.108815e-06[39m
      0 Linear |R| = [32m1.108815e-06[39m
      1 Linear |R| = [32m2.249272e-20[39m
 2 Nonlinear |R| = [33m1.055470e-06[39m
      0 Linear |R| = [32m1.055470e-06[39m
      1 Linear |R| = [32m2.383007e-20[39m
 3 Nonlinear |R| = [32m7.870638e-07[39m
  Nonlinear solve converged due to CONVERGED_FNORM_ABS iterations 3
[32m Solve Converged![39m
  Finished Solving                                                                       [[33m  5.76 s[39m] [[33m  242 MB[39m]

Postprocessor Values:
+----------------+----------------+-----------------------+
| time           | disp_y_max     | plastic_strain_eq_max |
+----------------+----------------+-----------------------+
|   0.000000e+00 |   0.000000e+00 |          0.000000e+00 |
|   5.000000e-01 |   1.324828e-02 |          1.902368e-02 |
|   1.000000e+00 |   1.913781e-02 |          2.422184e-02 |
|   1.600000e+00 |   2.743032e-02 |          3.522158e-02 |
|   2.320000e+00 |   3.452783e-02 |          3.570637e-02 |
|   3.184000e+00 |   4.151013e-02 |          6.972273e-02 |
|   4.184000e+00 |   5.158805e-02 |          7.179027e-02 |
|   5.184000e+00 |   6.097872e-02 |          7.179301e-02 |
|   6.184000e+00 |   7.129080e-02 |          7.201878e-02 |
|   7.184000e+00 |   8.089332e-02 |          7.869124e-02 |
|   8.184000e+00 |   9.066426e-02 |          8.591220e-02 |
|   9.184000e+00 |   1.006960e-01 |          1.044664e-01 |
+----------------+----------------+-----------------------+
+----------------+----------------+----------------+
| time           | react_y_top    | stress_vm_max  |
+----------------+----------------+----------------+
|   0.000000e+00 |   0.000000e+00 |   0.000000e+00 |
|   5.000000e-01 |   1.158911e+03 |   3.028284e+02 |
|   1.000000e+00 |  -5.364735e+02 |   3.090662e+02 |
|   1.600000e+00 |   1.778569e+03 |   3.222659e+02 |
|   2.320000e+00 |   1.818484e+03 |   3.118746e+02 |
|   3.184000e+00 |   9.902301e+02 |   3.636673e+02 |
|   4.184000e+00 |   3.061664e+03 |   3.398221e+02 |
|   5.184000e+00 |   3.143135e+03 |   3.430217e+02 |
|   6.184000e+00 |   3.489118e+03 |   3.664225e+02 |
|   7.184000e+00 |   2.869661e+03 |   3.508681e+02 |
|   8.184000e+00 |   3.013311e+03 |   3.665649e+02 |
|   9.184000e+00 |   3.005963e+03 |   4.053597e+02 |
+----------------+----------------+----------------+


Time Step 12, time = 10, dt = 0.816
  Applying predictor with scale factor = 1
 0 Nonlinear |R| = [32m8.820587e-07[39m
  Nonlinear solve converged due to CONVERGED_FNORM_ABS iterations 0
[32m Solve Converged![39m

Postprocessor Values:
+----------------+----------------+-----------------------+
| time           | disp_y_max     | plastic_strain_eq_max |
+----------------+----------------+-----------------------+
|   0.000000e+00 |   0.000000e+00 |          0.000000e+00 |
|   5.000000e-01 |   1.324828e-02 |          1.902368e-02 |
|   1.000000e+00 |   1.913781e-02 |          2.422184e-02 |
|   1.600000e+00 |   2.743032e-02 |          3.522158e-02 |
|   2.320000e+00 |   3.452783e-02 |          3.570637e-02 |
|   3.184000e+00 |   4.151013e-02 |          6.972273e-02 |
|   4.184000e+00 |   5.158805e-02 |          7.179027e-02 |
|   5.184000e+00 |   6.097872e-02 |          7.179301e-02 |
|   6.184000e+00 |   7.129080e-02 |          7.201878e-02 |
|   7.184000e+00 |   8.089332e-02 |          7.869124e-02 |
|   8.184000e+00 |   9.066426e-02 |          8.591220e-02 |
|   9.184000e+00 |   1.006960e-01 |          1.044664e-01 |
|   1.000000e+01 |   1.280880e-01 |          1.224904e-01 |
+----------------+----------------+-----------------------+
+----------------+----------------+----------------+
| time           | react_y_top    | stress_vm_max  |
+----------------+----------------+----------------+
|   0.000000e+00 |   0.000000e+00 |   0.000000e+00 |
|   5.000000e-01 |   1.158911e+03 |   3.028284e+02 |
|   1.000000e+00 |  -5.364735e+02 |   3.090662e+02 |
|   1.600000e+00 |   1.778569e+03 |   3.222659e+02 |
|   2.320000e+00 |   1.818484e+03 |   3.118746e+02 |
|   3.184000e+00 |   9.902301e+02 |   3.636673e+02 |
|   4.184000e+00 |   3.061664e+03 |   3.398221e+02 |
|   5.184000e+00 |   3.143135e+03 |   3.430217e+02 |
|   6.184000e+00 |   3.489118e+03 |   3.664225e+02 |
|   7.184000e+00 |   2.869661e+03 |   3.508681e+02 |
|   8.184000e+00 |   3.013311e+03 |   3.665649e+02 |
|   9.184000e+00 |   3.005963e+03 |   4.053597e+02 |
|   1.000000e+01 |   3.085305e+03 |   4.269885e+02 |
+----------------+----------------+----------------+

Finished Executing                                                                       [[33m122.57 s[39m] [[33m  243 MB[39m]
