Framework Information:
MOOSE Version:           git commit b85414d92b on 2025-11-25
LibMesh Version:         910736a3a20aded528c3ba99371ce65980dc8e2c
PETSc Version:           3.24.0
SLEPc Version:           3.24.0
Current Time:            Wed Sep  2 19:15:16 2026
Executable Timestamp:    Wed Nov 26 18:13:58 2025

Input File(s):
  /home/lloydf/dic-prob-val/sims/hole_notch_2d_elas.i

Command Line Argument(s):
  --n-threads=1

Checkpoint:
  Wall Time Interval:      Every 3600 s
  User Checkpoint:         Disabled
  # Checkpoints Kept:      2
  Execute On:              TIMESTEP_END 

Parallelism:
  Num Processors:          1
  Num Threads:             1

Mesh: 
  Parallel Type:           replicated
  Mesh Dimension:          2
  Spatial Dimension:       2
  Nodes:                   6324
  Elems:                   3056
  Num Subdomains:          1

Nonlinear System:
  Num DOFs:                14282
  Num Local DOFs:          14282
  Variables:               { "disp_x" "disp_y" } "scalar_strain_zz" 
  Finite Element Types:    "LAGRANGE" "LAGRANGE" 
  Approximation Orders:    "SECOND" "FIRST" 

Auxiliary System:
  Num DOFs:                27504
  Num Local DOFs:          27504
  Variables:               { "vonmises_stress" "strain_xx" "strain_yy" "strain_zz" "strain_xy" "stress_xx" 
                             "stress_yy" "stress_zz" "stress_xy" } 
  Finite Element Types:    "MONOMIAL" 
  Approximation Orders:    "CONSTANT" 

Execution Information:
  Executioner:             Transient
  TimeStepper:             IterationAdaptiveDT
  TimeIntegrator(s):       ImplicitEuler
  Solver Mode:             NEWTON 
  PETSc Preconditioner:    lu 
  MOOSE Preconditioner:    SMP 

Time Step 0, time = 0

Postprocessor Values:
+----------------+----------------+----------------+----------------+
| time           | disp_y_max     | react_y_top    | stress_vm_max  |
+----------------+----------------+----------------+----------------+
|   0.000000e+00 |   0.000000e+00 |   0.000000e+00 |   0.000000e+00 |
+----------------+----------------+----------------+----------------+


Time Step 1, time = 1, dt = 1
 Skipping predictor this step
 0 Nonlinear |R| = [32m1.455611e+03[39m
      0 Linear |R| = [32m1.455611e+03[39m
      1 Linear |R| = [32m1.398505e-12[39m
 1 Nonlinear |R| = [32m6.072349e+00[39m
      0 Linear |R| = [32m6.072349e+00[39m
      1 Linear |R| = [32m1.265094e-14[39m
 2 Nonlinear |R| = [32m5.669624e-04[39m
  Nonlinear solve converged due to CONVERGED_FNORM_ABS iterations 2
[32m Solve Converged![39m

Outlier Variable Residual Norms:
  scalar_strain_zz: [31m5.669624e-04[39m

Postprocessor Values:
+----------------+----------------+----------------+----------------+
| time           | disp_y_max     | react_y_top    | stress_vm_max  |
+----------------+----------------+----------------+----------------+
|   0.000000e+00 |   0.000000e+00 |   0.000000e+00 |   0.000000e+00 |
|   1.000000e+00 |   3.125000e-03 |   2.835473e+02 |   4.651936e+01 |
+----------------+----------------+----------------+----------------+


Time Step 2, time = 2, dt = 1
  Applying predictor with scale factor = 1
 0 Nonlinear |R| = [32m1.465308e-02[39m
      0 Linear |R| = [32m1.465308e-02[39m
      1 Linear |R| = [32m6.118018e-17[39m
 1 Nonlinear |R| = [32m1.036663e-09[39m
  Nonlinear solve converged due to CONVERGED_FNORM_ABS iterations 1
[32m Solve Converged![39m

Outlier Variable Residual Norms:
  scalar_strain_zz: [31m1.036663e-09[39m

Postprocessor Values:
+----------------+----------------+----------------+----------------+
| time           | disp_y_max     | react_y_top    | stress_vm_max  |
+----------------+----------------+----------------+----------------+
|   0.000000e+00 |   0.000000e+00 |   0.000000e+00 |   0.000000e+00 |
|   1.000000e+00 |   3.125000e-03 |   2.835473e+02 |   4.651936e+01 |
|   2.000000e+00 |   6.250000e-03 |   5.671212e+02 |   9.302588e+01 |
+----------------+----------------+----------------+----------------+


Time Step 3, time = 3, dt = 1
  Applying predictor with scale factor = 1
 0 Nonlinear |R| = [32m1.448351e-02[39m
      0 Linear |R| = [32m1.448351e-02[39m
      1 Linear |R| = [32m6.744067e-17[39m
 1 Nonlinear |R| = [32m1.031951e-09[39m
  Nonlinear solve converged due to CONVERGED_FNORM_ABS iterations 1
[32m Solve Converged![39m

Outlier Variable Residual Norms:
  scalar_strain_zz: [31m1.031951e-09[39m

Postprocessor Values:
+----------------+----------------+----------------+----------------+
| time           | disp_y_max     | react_y_top    | stress_vm_max  |
+----------------+----------------+----------------+----------------+
|   0.000000e+00 |   0.000000e+00 |   0.000000e+00 |   0.000000e+00 |
|   1.000000e+00 |   3.125000e-03 |   2.835473e+02 |   4.651936e+01 |
|   2.000000e+00 |   6.250000e-03 |   5.671212e+02 |   9.302588e+01 |
|   3.000000e+00 |   9.375000e-03 |   8.506321e+02 |   1.395196e+02 |
+----------------+----------------+----------------+----------------+


Time Step 4, time = 4, dt = 1
  Applying predictor with scale factor = 1
 0 Nonlinear |R| = [32m1.451488e-02[39m
      0 Linear |R| = [32m1.451488e-02[39m
      1 Linear |R| = [32m7.914874e-17[39m
 1 Nonlinear |R| = [32m1.023613e-09[39m
  Nonlinear solve converged due to CONVERGED_FNORM_ABS iterations 1
[32m Solve Converged![39m

Outlier Variable Residual Norms:
  scalar_strain_zz: [31m1.023613e-09[39m

Postprocessor Values:
+----------------+----------------+----------------+----------------+
| time           | disp_y_max     | react_y_top    | stress_vm_max  |
+----------------+----------------+----------------+----------------+
|   0.000000e+00 |   0.000000e+00 |   0.000000e+00 |   0.000000e+00 |
|   1.000000e+00 |   3.125000e-03 |   2.835473e+02 |   4.651936e+01 |
|   2.000000e+00 |   6.250000e-03 |   5.671212e+02 |   9.302588e+01 |
|   3.000000e+00 |   9.375000e-03 |   8.506321e+02 |   1.395196e+02 |
|   4.000000e+00 |   1.250000e-02 |   1.134110e+03 |   1.860006e+02 |
+----------------+----------------+----------------+----------------+


Time Step 5, time = 5, dt = 1
  Applying predictor with scale factor = 1
 0 Nonlinear |R| = [32m1.451246e-02[39m
      0 Linear |R| = [32m1.451246e-02[39m
      1 Linear |R| = [32m6.373545e-17[39m
 1 Nonlinear |R| = [32m1.041641e-09[39m
  Nonlinear solve converged due to CONVERGED_FNORM_ABS iterations 1
[32m Solve Converged![39m

Outlier Variable Residual Norms:
  scalar_strain_zz: [31m1.041641e-09[39m

Postprocessor Values:
+----------------+----------------+----------------+----------------+
| time           | disp_y_max     | react_y_top    | stress_vm_max  |
+----------------+----------------+----------------+----------------+
|   0.000000e+00 |   0.000000e+00 |   0.000000e+00 |   0.000000e+00 |
|   1.000000e+00 |   3.125000e-03 |   2.835473e+02 |   4.651936e+01 |
|   2.000000e+00 |   6.250000e-03 |   5.671212e+02 |   9.302588e+01 |
|   3.000000e+00 |   9.375000e-03 |   8.506321e+02 |   1.395196e+02 |
|   4.000000e+00 |   1.250000e-02 |   1.134110e+03 |   1.860006e+02 |
|   5.000000e+00 |   1.562500e-02 |   1.417555e+03 |   2.324687e+02 |
+----------------+----------------+----------------+----------------+


Time Step 6, time = 6, dt = 1
  Applying predictor with scale factor = 1
 0 Nonlinear |R| = [32m1.451004e-02[39m
      0 Linear |R| = [32m1.451004e-02[39m
      1 Linear |R| = [32m7.138700e-17[39m
 1 Nonlinear |R| = [32m1.026153e-09[39m
  Nonlinear solve converged due to CONVERGED_FNORM_ABS iterations 1
[32m Solve Converged![39m

Outlier Variable Residual Norms:
  scalar_strain_zz: [31m1.026153e-09[39m

Postprocessor Values:
+----------------+----------------+----------------+----------------+
| time           | disp_y_max     | react_y_top    | stress_vm_max  |
+----------------+----------------+----------------+----------------+
|   0.000000e+00 |   0.000000e+00 |   0.000000e+00 |   0.000000e+00 |
|   1.000000e+00 |   3.125000e-03 |   2.835473e+02 |   4.651936e+01 |
|   2.000000e+00 |   6.250000e-03 |   5.671212e+02 |   9.302588e+01 |
|   3.000000e+00 |   9.375000e-03 |   8.506321e+02 |   1.395196e+02 |
|   4.000000e+00 |   1.250000e-02 |   1.134110e+03 |   1.860006e+02 |
|   5.000000e+00 |   1.562500e-02 |   1.417555e+03 |   2.324687e+02 |
|   6.000000e+00 |   1.875000e-02 |   1.700966e+03 |   2.789241e+02 |
+----------------+----------------+----------------+----------------+


Time Step 7, time = 7, dt = 1
  Applying predictor with scale factor = 1
 0 Nonlinear |R| = [32m1.450763e-02[39m
      0 Linear |R| = [32m1.450763e-02[39m
      1 Linear |R| = [32m6.120539e-17[39m
 1 Nonlinear |R| = [32m1.033471e-09[39m
  Nonlinear solve converged due to CONVERGED_FNORM_ABS iterations 1
[32m Solve Converged![39m

Outlier Variable Residual Norms:
  scalar_strain_zz: [31m1.033471e-09[39m

Postprocessor Values:
+----------------+----------------+----------------+----------------+
| time           | disp_y_max     | react_y_top    | stress_vm_max  |
+----------------+----------------+----------------+----------------+
|   0.000000e+00 |   0.000000e+00 |   0.000000e+00 |   0.000000e+00 |
|   1.000000e+00 |   3.125000e-03 |   2.835473e+02 |   4.651936e+01 |
|   2.000000e+00 |   6.250000e-03 |   5.671212e+02 |   9.302588e+01 |
|   3.000000e+00 |   9.375000e-03 |   8.506321e+02 |   1.395196e+02 |
|   4.000000e+00 |   1.250000e-02 |   1.134110e+03 |   1.860006e+02 |
|   5.000000e+00 |   1.562500e-02 |   1.417555e+03 |   2.324687e+02 |
|   6.000000e+00 |   1.875000e-02 |   1.700966e+03 |   2.789241e+02 |
|   7.000000e+00 |   2.187500e-02 |   1.984345e+03 |   3.253668e+02 |
+----------------+----------------+----------------+----------------+


Time Step 8, time = 8, dt = 1
  Applying predictor with scale factor = 1
 0 Nonlinear |R| = [32m1.450523e-02[39m
      0 Linear |R| = [32m1.450523e-02[39m
      1 Linear |R| = [32m6.121040e-17[39m
 1 Nonlinear |R| = [32m1.024359e-09[39m
  Nonlinear solve converged due to CONVERGED_FNORM_ABS iterations 1
[32m Solve Converged![39m

Outlier Variable Residual Norms:
  scalar_strain_zz: [31m1.024359e-09[39m

Postprocessor Values:
+----------------+----------------+----------------+----------------+
| time           | disp_y_max     | react_y_top    | stress_vm_max  |
+----------------+----------------+----------------+----------------+
|   0.000000e+00 |   0.000000e+00 |   0.000000e+00 |   0.000000e+00 |
|   1.000000e+00 |   3.125000e-03 |   2.835473e+02 |   4.651936e+01 |
|   2.000000e+00 |   6.250000e-03 |   5.671212e+02 |   9.302588e+01 |
|   3.000000e+00 |   9.375000e-03 |   8.506321e+02 |   1.395196e+02 |
|   4.000000e+00 |   1.250000e-02 |   1.134110e+03 |   1.860006e+02 |
|   5.000000e+00 |   1.562500e-02 |   1.417555e+03 |   2.324687e+02 |
|   6.000000e+00 |   1.875000e-02 |   1.700966e+03 |   2.789241e+02 |
|   7.000000e+00 |   2.187500e-02 |   1.984345e+03 |   3.253668e+02 |
|   8.000000e+00 |   2.500000e-02 |   2.267690e+03 |   3.717967e+02 |
+----------------+----------------+----------------+----------------+


Time Step 9, time = 9, dt = 1
  Applying predictor with scale factor = 1
 0 Nonlinear |R| = [32m1.450284e-02[39m
      0 Linear |R| = [32m1.450284e-02[39m
      1 Linear |R| = [32m6.485606e-17[39m
 1 Nonlinear |R| = [32m1.025906e-09[39m
  Nonlinear solve converged due to CONVERGED_FNORM_ABS iterations 1
[32m Solve Converged![39m

Outlier Variable Residual Norms:
  scalar_strain_zz: [31m1.025906e-09[39m

Postprocessor Values:
+----------------+----------------+----------------+----------------+
| time           | disp_y_max     | react_y_top    | stress_vm_max  |
+----------------+----------------+----------------+----------------+
|   0.000000e+00 |   0.000000e+00 |   0.000000e+00 |   0.000000e+00 |
|   1.000000e+00 |   3.125000e-03 |   2.835473e+02 |   4.651936e+01 |
|   2.000000e+00 |   6.250000e-03 |   5.671212e+02 |   9.302588e+01 |
|   3.000000e+00 |   9.375000e-03 |   8.506321e+02 |   1.395196e+02 |
|   4.000000e+00 |   1.250000e-02 |   1.134110e+03 |   1.860006e+02 |
|   5.000000e+00 |   1.562500e-02 |   1.417555e+03 |   2.324687e+02 |
|   6.000000e+00 |   1.875000e-02 |   1.700966e+03 |   2.789241e+02 |
|   7.000000e+00 |   2.187500e-02 |   1.984345e+03 |   3.253668e+02 |
|   8.000000e+00 |   2.500000e-02 |   2.267690e+03 |   3.717967e+02 |
|   9.000000e+00 |   2.812500e-02 |   2.551002e+03 |   4.182139e+02 |
+----------------+----------------+----------------+----------------+


Time Step 10, time = 10, dt = 1
  Applying predictor with scale factor = 1
 0 Nonlinear |R| = [32m1.450045e-02[39m
      0 Linear |R| = [32m1.450045e-02[39m
      1 Linear |R| = [32m5.881366e-17[39m
 1 Nonlinear |R| = [32m1.023888e-09[39m
  Nonlinear solve converged due to CONVERGED_FNORM_ABS iterations 1
[32m Solve Converged![39m

Outlier Variable Residual Norms:
  scalar_strain_zz: [31m1.023888e-09[39m

Postprocessor Values:
+----------------+----------------+----------------+----------------+
| time           | disp_y_max     | react_y_top    | stress_vm_max  |
+----------------+----------------+----------------+----------------+
|   0.000000e+00 |   0.000000e+00 |   0.000000e+00 |   0.000000e+00 |
|   1.000000e+00 |   3.125000e-03 |   2.835473e+02 |   4.651936e+01 |
|   2.000000e+00 |   6.250000e-03 |   5.671212e+02 |   9.302588e+01 |
|   3.000000e+00 |   9.375000e-03 |   8.506321e+02 |   1.395196e+02 |
|   4.000000e+00 |   1.250000e-02 |   1.134110e+03 |   1.860006e+02 |
|   5.000000e+00 |   1.562500e-02 |   1.417555e+03 |   2.324687e+02 |
|   6.000000e+00 |   1.875000e-02 |   1.700966e+03 |   2.789241e+02 |
|   7.000000e+00 |   2.187500e-02 |   1.984345e+03 |   3.253668e+02 |
|   8.000000e+00 |   2.500000e-02 |   2.267690e+03 |   3.717967e+02 |
|   9.000000e+00 |   2.812500e-02 |   2.551002e+03 |   4.182139e+02 |
|   1.000000e+01 |   3.125000e-02 |   2.834281e+03 |   4.646183e+02 |
+----------------+----------------+----------------+----------------+


Time Step 11, time = 11, dt = 1
  Applying predictor with scale factor = 1
 0 Nonlinear |R| = [32m1.449807e-02[39m
      0 Linear |R| = [32m1.449807e-02[39m
      1 Linear |R| = [32m6.655221e-17[39m
 1 Nonlinear |R| = [32m1.019696e-09[39m
  Nonlinear solve converged due to CONVERGED_FNORM_ABS iterations 1
[32m Solve Converged![39m

Outlier Variable Residual Norms:
  scalar_strain_zz: [31m1.019696e-09[39m

Postprocessor Values:
+----------------+----------------+----------------+----------------+
| time           | disp_y_max     | react_y_top    | stress_vm_max  |
+----------------+----------------+----------------+----------------+
|   0.000000e+00 |   0.000000e+00 |   0.000000e+00 |   0.000000e+00 |
|   1.000000e+00 |   3.125000e-03 |   2.835473e+02 |   4.651936e+01 |
|   2.000000e+00 |   6.250000e-03 |   5.671212e+02 |   9.302588e+01 |
|   3.000000e+00 |   9.375000e-03 |   8.506321e+02 |   1.395196e+02 |
|   4.000000e+00 |   1.250000e-02 |   1.134110e+03 |   1.860006e+02 |
|   5.000000e+00 |   1.562500e-02 |   1.417555e+03 |   2.324687e+02 |
|   6.000000e+00 |   1.875000e-02 |   1.700966e+03 |   2.789241e+02 |
|   7.000000e+00 |   2.187500e-02 |   1.984345e+03 |   3.253668e+02 |
|   8.000000e+00 |   2.500000e-02 |   2.267690e+03 |   3.717967e+02 |
|   9.000000e+00 |   2.812500e-02 |   2.551002e+03 |   4.182139e+02 |
|   1.000000e+01 |   3.125000e-02 |   2.834281e+03 |   4.646183e+02 |
|   1.100000e+01 |   3.437500e-02 |   3.117526e+03 |   5.110100e+02 |
+----------------+----------------+----------------+----------------+


Time Step 12, time = 12, dt = 1
  Applying predictor with scale factor = 1
 0 Nonlinear |R| = [32m1.449570e-02[39m
      0 Linear |R| = [32m1.449570e-02[39m
      1 Linear |R| = [32m6.208110e-17[39m
 1 Nonlinear |R| = [32m9.987206e-10[39m
  Nonlinear solve converged due to CONVERGED_FNORM_ABS iterations 1
[32m Solve Converged![39m

Outlier Variable Residual Norms:
  scalar_strain_zz: [31m9.987206e-10[39m

Postprocessor Values:
+----------------+----------------+----------------+----------------+
| time           | disp_y_max     | react_y_top    | stress_vm_max  |
+----------------+----------------+----------------+----------------+
|   0.000000e+00 |   0.000000e+00 |   0.000000e+00 |   0.000000e+00 |
|   1.000000e+00 |   3.125000e-03 |   2.835473e+02 |   4.651936e+01 |
|   2.000000e+00 |   6.250000e-03 |   5.671212e+02 |   9.302588e+01 |
|   3.000000e+00 |   9.375000e-03 |   8.506321e+02 |   1.395196e+02 |
|   4.000000e+00 |   1.250000e-02 |   1.134110e+03 |   1.860006e+02 |
|   5.000000e+00 |   1.562500e-02 |   1.417555e+03 |   2.324687e+02 |
|   6.000000e+00 |   1.875000e-02 |   1.700966e+03 |   2.789241e+02 |
|   7.000000e+00 |   2.187500e-02 |   1.984345e+03 |   3.253668e+02 |
|   8.000000e+00 |   2.500000e-02 |   2.267690e+03 |   3.717967e+02 |
|   9.000000e+00 |   2.812500e-02 |   2.551002e+03 |   4.182139e+02 |
|   1.000000e+01 |   3.125000e-02 |   2.834281e+03 |   4.646183e+02 |
|   1.100000e+01 |   3.437500e-02 |   3.117526e+03 |   5.110100e+02 |
|   1.200000e+01 |   3.750000e-02 |   3.400739e+03 |   5.573891e+02 |
+----------------+----------------+----------------+----------------+


Time Step 13, time = 13, dt = 1
  Applying predictor with scale factor = 1
 0 Nonlinear |R| = [32m1.449333e-02[39m
      0 Linear |R| = [32m1.449333e-02[39m
      1 Linear |R| = [32m6.470397e-17[39m
 1 Nonlinear |R| = [32m1.001478e-09[39m
  Nonlinear solve converged due to CONVERGED_FNORM_ABS iterations 1
[32m Solve Converged![39m

Outlier Variable Residual Norms:
  scalar_strain_zz: [31m1.001478e-09[39m

Postprocessor Values:
+----------------+----------------+----------------+----------------+
| time           | disp_y_max     | react_y_top    | stress_vm_max  |
+----------------+----------------+----------------+----------------+
|   0.000000e+00 |   0.000000e+00 |   0.000000e+00 |   0.000000e+00 |
|   1.000000e+00 |   3.125000e-03 |   2.835473e+02 |   4.651936e+01 |
|   2.000000e+00 |   6.250000e-03 |   5.671212e+02 |   9.302588e+01 |
|   3.000000e+00 |   9.375000e-03 |   8.506321e+02 |   1.395196e+02 |
|   4.000000e+00 |   1.250000e-02 |   1.134110e+03 |   1.860006e+02 |
|   5.000000e+00 |   1.562500e-02 |   1.417555e+03 |   2.324687e+02 |
|   6.000000e+00 |   1.875000e-02 |   1.700966e+03 |   2.789241e+02 |
|   7.000000e+00 |   2.187500e-02 |   1.984345e+03 |   3.253668e+02 |
|   8.000000e+00 |   2.500000e-02 |   2.267690e+03 |   3.717967e+02 |
|   9.000000e+00 |   2.812500e-02 |   2.551002e+03 |   4.182139e+02 |
|   1.000000e+01 |   3.125000e-02 |   2.834281e+03 |   4.646183e+02 |
|   1.100000e+01 |   3.437500e-02 |   3.117526e+03 |   5.110100e+02 |
|   1.200000e+01 |   3.750000e-02 |   3.400739e+03 |   5.573891e+02 |
|   1.300000e+01 |   4.062500e-02 |   3.683918e+03 |   6.037554e+02 |
+----------------+----------------+----------------+----------------+


Time Step 14, time = 14, dt = 1
  Applying predictor with scale factor = 1
 0 Nonlinear |R| = [32m1.449097e-02[39m
      0 Linear |R| = [32m1.449097e-02[39m
      1 Linear |R| = [32m6.119890e-17[39m
 1 Nonlinear |R| = [32m1.034335e-09[39m
  Nonlinear solve converged due to CONVERGED_FNORM_ABS iterations 1
[32m Solve Converged![39m

Outlier Variable Residual Norms:
  scalar_strain_zz: [31m1.034335e-09[39m

Postprocessor Values:
+----------------+----------------+----------------+----------------+
| time           | disp_y_max     | react_y_top    | stress_vm_max  |
+----------------+----------------+----------------+----------------+
|   0.000000e+00 |   0.000000e+00 |   0.000000e+00 |   0.000000e+00 |
|   1.000000e+00 |   3.125000e-03 |   2.835473e+02 |   4.651936e+01 |
|   2.000000e+00 |   6.250000e-03 |   5.671212e+02 |   9.302588e+01 |
|   3.000000e+00 |   9.375000e-03 |   8.506321e+02 |   1.395196e+02 |
|   4.000000e+00 |   1.250000e-02 |   1.134110e+03 |   1.860006e+02 |
|   5.000000e+00 |   1.562500e-02 |   1.417555e+03 |   2.324687e+02 |
|   6.000000e+00 |   1.875000e-02 |   1.700966e+03 |   2.789241e+02 |
|   7.000000e+00 |   2.187500e-02 |   1.984345e+03 |   3.253668e+02 |
|   8.000000e+00 |   2.500000e-02 |   2.267690e+03 |   3.717967e+02 |
|   9.000000e+00 |   2.812500e-02 |   2.551002e+03 |   4.182139e+02 |
|   1.000000e+01 |   3.125000e-02 |   2.834281e+03 |   4.646183e+02 |
|   1.100000e+01 |   3.437500e-02 |   3.117526e+03 |   5.110100e+02 |
|   1.200000e+01 |   3.750000e-02 |   3.400739e+03 |   5.573891e+02 |
|   1.300000e+01 |   4.062500e-02 |   3.683918e+03 |   6.037554e+02 |
|   1.400000e+01 |   4.375000e-02 |   3.967064e+03 |   6.501090e+02 |
+----------------+----------------+----------------+----------------+


Time Step 15, time = 15, dt = 1
  Applying predictor with scale factor = 1
 0 Nonlinear |R| = [32m1.448862e-02[39m
      0 Linear |R| = [32m1.448862e-02[39m
      1 Linear |R| = [32m5.861296e-17[39m
 1 Nonlinear |R| = [32m1.003927e-09[39m
  Nonlinear solve converged due to CONVERGED_FNORM_ABS iterations 1
[32m Solve Converged![39m

Outlier Variable Residual Norms:
  scalar_strain_zz: [31m1.003927e-09[39m

Postprocessor Values:
+----------------+----------------+----------------+----------------+
| time           | disp_y_max     | react_y_top    | stress_vm_max  |
+----------------+----------------+----------------+----------------+
:                :                :                :                :
|   1.000000e+00 |   3.125000e-03 |   2.835473e+02 |   4.651936e+01 |
|   2.000000e+00 |   6.250000e-03 |   5.671212e+02 |   9.302588e+01 |
|   3.000000e+00 |   9.375000e-03 |   8.506321e+02 |   1.395196e+02 |
|   4.000000e+00 |   1.250000e-02 |   1.134110e+03 |   1.860006e+02 |
|   5.000000e+00 |   1.562500e-02 |   1.417555e+03 |   2.324687e+02 |
|   6.000000e+00 |   1.875000e-02 |   1.700966e+03 |   2.789241e+02 |
|   7.000000e+00 |   2.187500e-02 |   1.984345e+03 |   3.253668e+02 |
|   8.000000e+00 |   2.500000e-02 |   2.267690e+03 |   3.717967e+02 |
|   9.000000e+00 |   2.812500e-02 |   2.551002e+03 |   4.182139e+02 |
|   1.000000e+01 |   3.125000e-02 |   2.834281e+03 |   4.646183e+02 |
|   1.100000e+01 |   3.437500e-02 |   3.117526e+03 |   5.110100e+02 |
|   1.200000e+01 |   3.750000e-02 |   3.400739e+03 |   5.573891e+02 |
|   1.300000e+01 |   4.062500e-02 |   3.683918e+03 |   6.037554e+02 |
|   1.400000e+01 |   4.375000e-02 |   3.967064e+03 |   6.501090e+02 |
|   1.500000e+01 |   4.687500e-02 |   4.250177e+03 |   6.964500e+02 |
+----------------+----------------+----------------+----------------+


Time Step 16, time = 16, dt = 1
  Applying predictor with scale factor = 1
 0 Nonlinear |R| = [32m1.448627e-02[39m
      0 Linear |R| = [32m1.448627e-02[39m
      1 Linear |R| = [32m7.357856e-17[39m
 1 Nonlinear |R| = [32m1.003433e-09[39m
  Nonlinear solve converged due to CONVERGED_FNORM_ABS iterations 1
[32m Solve Converged![39m

Outlier Variable Residual Norms:
  scalar_strain_zz: [31m1.003433e-09[39m

Postprocessor Values:
+----------------+----------------+----------------+----------------+
| time           | disp_y_max     | react_y_top    | stress_vm_max  |
+----------------+----------------+----------------+----------------+
:                :                :                :                :
|   2.000000e+00 |   6.250000e-03 |   5.671212e+02 |   9.302588e+01 |
|   3.000000e+00 |   9.375000e-03 |   8.506321e+02 |   1.395196e+02 |
|   4.000000e+00 |   1.250000e-02 |   1.134110e+03 |   1.860006e+02 |
|   5.000000e+00 |   1.562500e-02 |   1.417555e+03 |   2.324687e+02 |
|   6.000000e+00 |   1.875000e-02 |   1.700966e+03 |   2.789241e+02 |
|   7.000000e+00 |   2.187500e-02 |   1.984345e+03 |   3.253668e+02 |
|   8.000000e+00 |   2.500000e-02 |   2.267690e+03 |   3.717967e+02 |
|   9.000000e+00 |   2.812500e-02 |   2.551002e+03 |   4.182139e+02 |
|   1.000000e+01 |   3.125000e-02 |   2.834281e+03 |   4.646183e+02 |
|   1.100000e+01 |   3.437500e-02 |   3.117526e+03 |   5.110100e+02 |
|   1.200000e+01 |   3.750000e-02 |   3.400739e+03 |   5.573891e+02 |
|   1.300000e+01 |   4.062500e-02 |   3.683918e+03 |   6.037554e+02 |
|   1.400000e+01 |   4.375000e-02 |   3.967064e+03 |   6.501090e+02 |
|   1.500000e+01 |   4.687500e-02 |   4.250177e+03 |   6.964500e+02 |
|   1.600000e+01 |   5.000000e-02 |   4.533257e+03 |   7.427783e+02 |
+----------------+----------------+----------------+----------------+


Time Step 17, time = 17, dt = 1
  Applying predictor with scale factor = 1
 0 Nonlinear |R| = [32m1.448394e-02[39m
      0 Linear |R| = [32m1.448394e-02[39m
      1 Linear |R| = [32m8.405758e-17[39m
 1 Nonlinear |R| = [32m9.994794e-10[39m
  Nonlinear solve converged due to CONVERGED_FNORM_ABS iterations 1
[32m Solve Converged![39m

Outlier Variable Residual Norms:
  scalar_strain_zz: [31m9.994794e-10[39m

Postprocessor Values:
+----------------+----------------+----------------+----------------+
| time           | disp_y_max     | react_y_top    | stress_vm_max  |
+----------------+----------------+----------------+----------------+
:                :                :                :                :
|   3.000000e+00 |   9.375000e-03 |   8.506321e+02 |   1.395196e+02 |
|   4.000000e+00 |   1.250000e-02 |   1.134110e+03 |   1.860006e+02 |
|   5.000000e+00 |   1.562500e-02 |   1.417555e+03 |   2.324687e+02 |
|   6.000000e+00 |   1.875000e-02 |   1.700966e+03 |   2.789241e+02 |
|   7.000000e+00 |   2.187500e-02 |   1.984345e+03 |   3.253668e+02 |
|   8.000000e+00 |   2.500000e-02 |   2.267690e+03 |   3.717967e+02 |
|   9.000000e+00 |   2.812500e-02 |   2.551002e+03 |   4.182139e+02 |
|   1.000000e+01 |   3.125000e-02 |   2.834281e+03 |   4.646183e+02 |
|   1.100000e+01 |   3.437500e-02 |   3.117526e+03 |   5.110100e+02 |
|   1.200000e+01 |   3.750000e-02 |   3.400739e+03 |   5.573891e+02 |
|   1.300000e+01 |   4.062500e-02 |   3.683918e+03 |   6.037554e+02 |
|   1.400000e+01 |   4.375000e-02 |   3.967064e+03 |   6.501090e+02 |
|   1.500000e+01 |   4.687500e-02 |   4.250177e+03 |   6.964500e+02 |
|   1.600000e+01 |   5.000000e-02 |   4.533257e+03 |   7.427783e+02 |
|   1.700000e+01 |   5.312500e-02 |   4.816303e+03 |   7.890940e+02 |
+----------------+----------------+----------------+----------------+


Time Step 18, time = 18, dt = 1
  Applying predictor with scale factor = 1
 0 Nonlinear |R| = [32m1.448161e-02[39m
      0 Linear |R| = [32m1.448161e-02[39m
      1 Linear |R| = [32m7.057778e-17[39m
 1 Nonlinear |R| = [32m9.996656e-10[39m
  Nonlinear solve converged due to CONVERGED_FNORM_ABS iterations 1
[32m Solve Converged![39m

Outlier Variable Residual Norms:
  scalar_strain_zz: [31m9.996656e-10[39m

Postprocessor Values:
+----------------+----------------+----------------+----------------+
| time           | disp_y_max     | react_y_top    | stress_vm_max  |
+----------------+----------------+----------------+----------------+
:                :                :                :                :
|   4.000000e+00 |   1.250000e-02 |   1.134110e+03 |   1.860006e+02 |
|   5.000000e+00 |   1.562500e-02 |   1.417555e+03 |   2.324687e+02 |
|   6.000000e+00 |   1.875000e-02 |   1.700966e+03 |   2.789241e+02 |
|   7.000000e+00 |   2.187500e-02 |   1.984345e+03 |   3.253668e+02 |
|   8.000000e+00 |   2.500000e-02 |   2.267690e+03 |   3.717967e+02 |
|   9.000000e+00 |   2.812500e-02 |   2.551002e+03 |   4.182139e+02 |
|   1.000000e+01 |   3.125000e-02 |   2.834281e+03 |   4.646183e+02 |
|   1.100000e+01 |   3.437500e-02 |   3.117526e+03 |   5.110100e+02 |
|   1.200000e+01 |   3.750000e-02 |   3.400739e+03 |   5.573891e+02 |
|   1.300000e+01 |   4.062500e-02 |   3.683918e+03 |   6.037554e+02 |
|   1.400000e+01 |   4.375000e-02 |   3.967064e+03 |   6.501090e+02 |
|   1.500000e+01 |   4.687500e-02 |   4.250177e+03 |   6.964500e+02 |
|   1.600000e+01 |   5.000000e-02 |   4.533257e+03 |   7.427783e+02 |
|   1.700000e+01 |   5.312500e-02 |   4.816303e+03 |   7.890940e+02 |
|   1.800000e+01 |   5.625000e-02 |   5.099316e+03 |   8.353970e+02 |
+----------------+----------------+----------------+----------------+


Time Step 19, time = 19, dt = 1
  Applying predictor with scale factor = 1
 0 Nonlinear |R| = [32m1.447928e-02[39m
      0 Linear |R| = [32m1.447928e-02[39m
      1 Linear |R| = [32m7.607664e-17[39m
 1 Nonlinear |R| = [32m1.006006e-09[39m
  Nonlinear solve converged due to CONVERGED_FNORM_ABS iterations 1
[32m Solve Converged![39m

Outlier Variable Residual Norms:
  scalar_strain_zz: [31m1.006006e-09[39m

Postprocessor Values:
+----------------+----------------+----------------+----------------+
| time           | disp_y_max     | react_y_top    | stress_vm_max  |
+----------------+----------------+----------------+----------------+
:                :                :                :                :
|   5.000000e+00 |   1.562500e-02 |   1.417555e+03 |   2.324687e+02 |
|   6.000000e+00 |   1.875000e-02 |   1.700966e+03 |   2.789241e+02 |
|   7.000000e+00 |   2.187500e-02 |   1.984345e+03 |   3.253668e+02 |
|   8.000000e+00 |   2.500000e-02 |   2.267690e+03 |   3.717967e+02 |
|   9.000000e+00 |   2.812500e-02 |   2.551002e+03 |   4.182139e+02 |
|   1.000000e+01 |   3.125000e-02 |   2.834281e+03 |   4.646183e+02 |
|   1.100000e+01 |   3.437500e-02 |   3.117526e+03 |   5.110100e+02 |
|   1.200000e+01 |   3.750000e-02 |   3.400739e+03 |   5.573891e+02 |
|   1.300000e+01 |   4.062500e-02 |   3.683918e+03 |   6.037554e+02 |
|   1.400000e+01 |   4.375000e-02 |   3.967064e+03 |   6.501090e+02 |
|   1.500000e+01 |   4.687500e-02 |   4.250177e+03 |   6.964500e+02 |
|   1.600000e+01 |   5.000000e-02 |   4.533257e+03 |   7.427783e+02 |
|   1.700000e+01 |   5.312500e-02 |   4.816303e+03 |   7.890940e+02 |
|   1.800000e+01 |   5.625000e-02 |   5.099316e+03 |   8.353970e+02 |
|   1.900000e+01 |   5.937500e-02 |   5.382296e+03 |   8.816874e+02 |
+----------------+----------------+----------------+----------------+


Time Step 20, time = 20, dt = 1
  Applying predictor with scale factor = 1
 0 Nonlinear |R| = [32m1.447697e-02[39m
      0 Linear |R| = [32m1.447697e-02[39m
      1 Linear |R| = [32m6.257858e-17[39m
 1 Nonlinear |R| = [32m1.000150e-09[39m
  Nonlinear solve converged due to CONVERGED_FNORM_ABS iterations 1
[32m Solve Converged![39m

Outlier Variable Residual Norms:
  scalar_strain_zz: [31m1.000150e-09[39m

Postprocessor Values:
+----------------+----------------+----------------+----------------+
| time           | disp_y_max     | react_y_top    | stress_vm_max  |
+----------------+----------------+----------------+----------------+
:                :                :                :                :
|   6.000000e+00 |   1.875000e-02 |   1.700966e+03 |   2.789241e+02 |
|   7.000000e+00 |   2.187500e-02 |   1.984345e+03 |   3.253668e+02 |
|   8.000000e+00 |   2.500000e-02 |   2.267690e+03 |   3.717967e+02 |
|   9.000000e+00 |   2.812500e-02 |   2.551002e+03 |   4.182139e+02 |
|   1.000000e+01 |   3.125000e-02 |   2.834281e+03 |   4.646183e+02 |
|   1.100000e+01 |   3.437500e-02 |   3.117526e+03 |   5.110100e+02 |
|   1.200000e+01 |   3.750000e-02 |   3.400739e+03 |   5.573891e+02 |
|   1.300000e+01 |   4.062500e-02 |   3.683918e+03 |   6.037554e+02 |
|   1.400000e+01 |   4.375000e-02 |   3.967064e+03 |   6.501090e+02 |
|   1.500000e+01 |   4.687500e-02 |   4.250177e+03 |   6.964500e+02 |
|   1.600000e+01 |   5.000000e-02 |   4.533257e+03 |   7.427783e+02 |
|   1.700000e+01 |   5.312500e-02 |   4.816303e+03 |   7.890940e+02 |
|   1.800000e+01 |   5.625000e-02 |   5.099316e+03 |   8.353970e+02 |
|   1.900000e+01 |   5.937500e-02 |   5.382296e+03 |   8.816874e+02 |
|   2.000000e+01 |   6.250000e-02 |   5.665243e+03 |   9.279652e+02 |
+----------------+----------------+----------------+----------------+


Time Step 21, time = 21, dt = 1
  Applying predictor with scale factor = 1
 0 Nonlinear |R| = [32m1.447466e-02[39m
      0 Linear |R| = [32m1.447466e-02[39m
      1 Linear |R| = [32m5.812189e-17[39m
 1 Nonlinear |R| = [32m9.966239e-10[39m
  Nonlinear solve converged due to CONVERGED_FNORM_ABS iterations 1
[32m Solve Converged![39m

Outlier Variable Residual Norms:
  scalar_strain_zz: [31m9.966239e-10[39m

Postprocessor Values:
+----------------+----------------+----------------+----------------+
| time           | disp_y_max     | react_y_top    | stress_vm_max  |
+----------------+----------------+----------------+----------------+
:                :                :                :                :
|   7.000000e+00 |   2.187500e-02 |   1.984345e+03 |   3.253668e+02 |
|   8.000000e+00 |   2.500000e-02 |   2.267690e+03 |   3.717967e+02 |
|   9.000000e+00 |   2.812500e-02 |   2.551002e+03 |   4.182139e+02 |
|   1.000000e+01 |   3.125000e-02 |   2.834281e+03 |   4.646183e+02 |
|   1.100000e+01 |   3.437500e-02 |   3.117526e+03 |   5.110100e+02 |
|   1.200000e+01 |   3.750000e-02 |   3.400739e+03 |   5.573891e+02 |
|   1.300000e+01 |   4.062500e-02 |   3.683918e+03 |   6.037554e+02 |
|   1.400000e+01 |   4.375000e-02 |   3.967064e+03 |   6.501090e+02 |
|   1.500000e+01 |   4.687500e-02 |   4.250177e+03 |   6.964500e+02 |
|   1.600000e+01 |   5.000000e-02 |   4.533257e+03 |   7.427783e+02 |
|   1.700000e+01 |   5.312500e-02 |   4.816303e+03 |   7.890940e+02 |
|   1.800000e+01 |   5.625000e-02 |   5.099316e+03 |   8.353970e+02 |
|   1.900000e+01 |   5.937500e-02 |   5.382296e+03 |   8.816874e+02 |
|   2.000000e+01 |   6.250000e-02 |   5.665243e+03 |   9.279652e+02 |
|   2.100000e+01 |   6.562500e-02 |   5.948156e+03 |   9.742304e+02 |
+----------------+----------------+----------------+----------------+


Time Step 22, time = 22, dt = 1
  Applying predictor with scale factor = 1
 0 Nonlinear |R| = [32m1.447236e-02[39m
      0 Linear |R| = [32m1.447236e-02[39m
      1 Linear |R| = [32m6.405604e-17[39m
 1 Nonlinear |R| = [32m1.008385e-09[39m
  Nonlinear solve converged due to CONVERGED_FNORM_ABS iterations 1
[32m Solve Converged![39m

Outlier Variable Residual Norms:
  scalar_strain_zz: [31m1.008385e-09[39m

Postprocessor Values:
+----------------+----------------+----------------+----------------+
| time           | disp_y_max     | react_y_top    | stress_vm_max  |
+----------------+----------------+----------------+----------------+
:                :                :                :                :
|   8.000000e+00 |   2.500000e-02 |   2.267690e+03 |   3.717967e+02 |
|   9.000000e+00 |   2.812500e-02 |   2.551002e+03 |   4.182139e+02 |
|   1.000000e+01 |   3.125000e-02 |   2.834281e+03 |   4.646183e+02 |
|   1.100000e+01 |   3.437500e-02 |   3.117526e+03 |   5.110100e+02 |
|   1.200000e+01 |   3.750000e-02 |   3.400739e+03 |   5.573891e+02 |
|   1.300000e+01 |   4.062500e-02 |   3.683918e+03 |   6.037554e+02 |
|   1.400000e+01 |   4.375000e-02 |   3.967064e+03 |   6.501090e+02 |
|   1.500000e+01 |   4.687500e-02 |   4.250177e+03 |   6.964500e+02 |
|   1.600000e+01 |   5.000000e-02 |   4.533257e+03 |   7.427783e+02 |
|   1.700000e+01 |   5.312500e-02 |   4.816303e+03 |   7.890940e+02 |
|   1.800000e+01 |   5.625000e-02 |   5.099316e+03 |   8.353970e+02 |
|   1.900000e+01 |   5.937500e-02 |   5.382296e+03 |   8.816874e+02 |
|   2.000000e+01 |   6.250000e-02 |   5.665243e+03 |   9.279652e+02 |
|   2.100000e+01 |   6.562500e-02 |   5.948156e+03 |   9.742304e+02 |
|   2.200000e+01 |   6.875000e-02 |   6.231036e+03 |   1.020483e+03 |
+----------------+----------------+----------------+----------------+


Time Step 23, time = 23, dt = 1
  Applying predictor with scale factor = 1
 0 Nonlinear |R| = [32m1.447006e-02[39m
      0 Linear |R| = [32m1.447006e-02[39m
      1 Linear |R| = [32m5.811022e-17[39m
 1 Nonlinear |R| = [32m9.967610e-10[39m
  Nonlinear solve converged due to CONVERGED_FNORM_ABS iterations 1
[32m Solve Converged![39m

Outlier Variable Residual Norms:
  scalar_strain_zz: [31m9.967610e-10[39m

Postprocessor Values:
+----------------+----------------+----------------+----------------+
| time           | disp_y_max     | react_y_top    | stress_vm_max  |
+----------------+----------------+----------------+----------------+
:                :                :                :                :
|   9.000000e+00 |   2.812500e-02 |   2.551002e+03 |   4.182139e+02 |
|   1.000000e+01 |   3.125000e-02 |   2.834281e+03 |   4.646183e+02 |
|   1.100000e+01 |   3.437500e-02 |   3.117526e+03 |   5.110100e+02 |
|   1.200000e+01 |   3.750000e-02 |   3.400739e+03 |   5.573891e+02 |
|   1.300000e+01 |   4.062500e-02 |   3.683918e+03 |   6.037554e+02 |
|   1.400000e+01 |   4.375000e-02 |   3.967064e+03 |   6.501090e+02 |
|   1.500000e+01 |   4.687500e-02 |   4.250177e+03 |   6.964500e+02 |
|   1.600000e+01 |   5.000000e-02 |   4.533257e+03 |   7.427783e+02 |
|   1.700000e+01 |   5.312500e-02 |   4.816303e+03 |   7.890940e+02 |
|   1.800000e+01 |   5.625000e-02 |   5.099316e+03 |   8.353970e+02 |
|   1.900000e+01 |   5.937500e-02 |   5.382296e+03 |   8.816874e+02 |
|   2.000000e+01 |   6.250000e-02 |   5.665243e+03 |   9.279652e+02 |
|   2.100000e+01 |   6.562500e-02 |   5.948156e+03 |   9.742304e+02 |
|   2.200000e+01 |   6.875000e-02 |   6.231036e+03 |   1.020483e+03 |
|   2.300000e+01 |   7.187500e-02 |   6.513883e+03 |   1.066723e+03 |
+----------------+----------------+----------------+----------------+


Time Step 24, time = 24, dt = 1
  Applying predictor with scale factor = 1
 0 Nonlinear |R| = [32m1.446777e-02[39m
      0 Linear |R| = [32m1.446777e-02[39m
      1 Linear |R| = [32m6.278276e-17[39m
 1 Nonlinear |R| = [32m1.013181e-09[39m
  Nonlinear solve converged due to CONVERGED_FNORM_ABS iterations 1
[32m Solve Converged![39m

Outlier Variable Residual Norms:
  scalar_strain_zz: [31m1.013181e-09[39m

Postprocessor Values:
+----------------+----------------+----------------+----------------+
| time           | disp_y_max     | react_y_top    | stress_vm_max  |
+----------------+----------------+----------------+----------------+
:                :                :                :                :
|   1.000000e+01 |   3.125000e-02 |   2.834281e+03 |   4.646183e+02 |
|   1.100000e+01 |   3.437500e-02 |   3.117526e+03 |   5.110100e+02 |
|   1.200000e+01 |   3.750000e-02 |   3.400739e+03 |   5.573891e+02 |
|   1.300000e+01 |   4.062500e-02 |   3.683918e+03 |   6.037554e+02 |
|   1.400000e+01 |   4.375000e-02 |   3.967064e+03 |   6.501090e+02 |
|   1.500000e+01 |   4.687500e-02 |   4.250177e+03 |   6.964500e+02 |
|   1.600000e+01 |   5.000000e-02 |   4.533257e+03 |   7.427783e+02 |
|   1.700000e+01 |   5.312500e-02 |   4.816303e+03 |   7.890940e+02 |
|   1.800000e+01 |   5.625000e-02 |   5.099316e+03 |   8.353970e+02 |
|   1.900000e+01 |   5.937500e-02 |   5.382296e+03 |   8.816874e+02 |
|   2.000000e+01 |   6.250000e-02 |   5.665243e+03 |   9.279652e+02 |
|   2.100000e+01 |   6.562500e-02 |   5.948156e+03 |   9.742304e+02 |
|   2.200000e+01 |   6.875000e-02 |   6.231036e+03 |   1.020483e+03 |
|   2.300000e+01 |   7.187500e-02 |   6.513883e+03 |   1.066723e+03 |
|   2.400000e+01 |   7.500000e-02 |   6.796697e+03 |   1.112950e+03 |
+----------------+----------------+----------------+----------------+


Time Step 25, time = 25, dt = 1
  Applying predictor with scale factor = 1
 0 Nonlinear |R| = [32m1.446549e-02[39m
      0 Linear |R| = [32m1.446549e-02[39m
      1 Linear |R| = [32m6.398245e-17[39m
 1 Nonlinear |R| = [32m9.953811e-10[39m
  Nonlinear solve converged due to CONVERGED_FNORM_ABS iterations 1
[32m Solve Converged![39m

Outlier Variable Residual Norms:
  scalar_strain_zz: [31m9.953811e-10[39m

Postprocessor Values:
+----------------+----------------+----------------+----------------+
| time           | disp_y_max     | react_y_top    | stress_vm_max  |
+----------------+----------------+----------------+----------------+
:                :                :                :                :
|   1.100000e+01 |   3.437500e-02 |   3.117526e+03 |   5.110100e+02 |
|   1.200000e+01 |   3.750000e-02 |   3.400739e+03 |   5.573891e+02 |
|   1.300000e+01 |   4.062500e-02 |   3.683918e+03 |   6.037554e+02 |
|   1.400000e+01 |   4.375000e-02 |   3.967064e+03 |   6.501090e+02 |
|   1.500000e+01 |   4.687500e-02 |   4.250177e+03 |   6.964500e+02 |
|   1.600000e+01 |   5.000000e-02 |   4.533257e+03 |   7.427783e+02 |
|   1.700000e+01 |   5.312500e-02 |   4.816303e+03 |   7.890940e+02 |
|   1.800000e+01 |   5.625000e-02 |   5.099316e+03 |   8.353970e+02 |
|   1.900000e+01 |   5.937500e-02 |   5.382296e+03 |   8.816874e+02 |
|   2.000000e+01 |   6.250000e-02 |   5.665243e+03 |   9.279652e+02 |
|   2.100000e+01 |   6.562500e-02 |   5.948156e+03 |   9.742304e+02 |
|   2.200000e+01 |   6.875000e-02 |   6.231036e+03 |   1.020483e+03 |
|   2.300000e+01 |   7.187500e-02 |   6.513883e+03 |   1.066723e+03 |
|   2.400000e+01 |   7.500000e-02 |   6.796697e+03 |   1.112950e+03 |
|   2.500000e+01 |   7.812500e-02 |   7.079477e+03 |   1.159165e+03 |
+----------------+----------------+----------------+----------------+


Time Step 26, time = 26, dt = 1
  Applying predictor with scale factor = 1
 0 Nonlinear |R| = [32m1.446322e-02[39m
      0 Linear |R| = [32m1.446322e-02[39m
      1 Linear |R| = [32m5.961560e-17[39m
 1 Nonlinear |R| = [32m9.963215e-10[39m
  Nonlinear solve converged due to CONVERGED_FNORM_ABS iterations 1
[32m Solve Converged![39m

Outlier Variable Residual Norms:
  scalar_strain_zz: [31m9.963215e-10[39m

Postprocessor Values:
+----------------+----------------+----------------+----------------+
| time           | disp_y_max     | react_y_top    | stress_vm_max  |
+----------------+----------------+----------------+----------------+
:                :                :                :                :
|   1.200000e+01 |   3.750000e-02 |   3.400739e+03 |   5.573891e+02 |
|   1.300000e+01 |   4.062500e-02 |   3.683918e+03 |   6.037554e+02 |
|   1.400000e+01 |   4.375000e-02 |   3.967064e+03 |   6.501090e+02 |
|   1.500000e+01 |   4.687500e-02 |   4.250177e+03 |   6.964500e+02 |
|   1.600000e+01 |   5.000000e-02 |   4.533257e+03 |   7.427783e+02 |
|   1.700000e+01 |   5.312500e-02 |   4.816303e+03 |   7.890940e+02 |
|   1.800000e+01 |   5.625000e-02 |   5.099316e+03 |   8.353970e+02 |
|   1.900000e+01 |   5.937500e-02 |   5.382296e+03 |   8.816874e+02 |
|   2.000000e+01 |   6.250000e-02 |   5.665243e+03 |   9.279652e+02 |
|   2.100000e+01 |   6.562500e-02 |   5.948156e+03 |   9.742304e+02 |
|   2.200000e+01 |   6.875000e-02 |   6.231036e+03 |   1.020483e+03 |
|   2.300000e+01 |   7.187500e-02 |   6.513883e+03 |   1.066723e+03 |
|   2.400000e+01 |   7.500000e-02 |   6.796697e+03 |   1.112950e+03 |
|   2.500000e+01 |   7.812500e-02 |   7.079477e+03 |   1.159165e+03 |
|   2.600000e+01 |   8.125000e-02 |   7.362224e+03 |   1.205367e+03 |
+----------------+----------------+----------------+----------------+


Time Step 27, time = 27, dt = 1
  Applying predictor with scale factor = 1
 0 Nonlinear |R| = [32m1.446095e-02[39m
      0 Linear |R| = [32m1.446095e-02[39m
      1 Linear |R| = [32m5.584252e-17[39m
 1 Nonlinear |R| = [32m1.008653e-09[39m
  Nonlinear solve converged due to CONVERGED_FNORM_ABS iterations 1
[32m Solve Converged![39m

Outlier Variable Residual Norms:
  scalar_strain_zz: [31m1.008653e-09[39m

Postprocessor Values:
+----------------+----------------+----------------+----------------+
| time           | disp_y_max     | react_y_top    | stress_vm_max  |
+----------------+----------------+----------------+----------------+
:                :                :                :                :
|   1.300000e+01 |   4.062500e-02 |   3.683918e+03 |   6.037554e+02 |
|   1.400000e+01 |   4.375000e-02 |   3.967064e+03 |   6.501090e+02 |
|   1.500000e+01 |   4.687500e-02 |   4.250177e+03 |   6.964500e+02 |
|   1.600000e+01 |   5.000000e-02 |   4.533257e+03 |   7.427783e+02 |
|   1.700000e+01 |   5.312500e-02 |   4.816303e+03 |   7.890940e+02 |
|   1.800000e+01 |   5.625000e-02 |   5.099316e+03 |   8.353970e+02 |
|   1.900000e+01 |   5.937500e-02 |   5.382296e+03 |   8.816874e+02 |
|   2.000000e+01 |   6.250000e-02 |   5.665243e+03 |   9.279652e+02 |
|   2.100000e+01 |   6.562500e-02 |   5.948156e+03 |   9.742304e+02 |
|   2.200000e+01 |   6.875000e-02 |   6.231036e+03 |   1.020483e+03 |
|   2.300000e+01 |   7.187500e-02 |   6.513883e+03 |   1.066723e+03 |
|   2.400000e+01 |   7.500000e-02 |   6.796697e+03 |   1.112950e+03 |
|   2.500000e+01 |   7.812500e-02 |   7.079477e+03 |   1.159165e+03 |
|   2.600000e+01 |   8.125000e-02 |   7.362224e+03 |   1.205367e+03 |
|   2.700000e+01 |   8.437500e-02 |   7.644937e+03 |   1.251557e+03 |
+----------------+----------------+----------------+----------------+


Time Step 28, time = 28, dt = 1
  Applying predictor with scale factor = 1
 0 Nonlinear |R| = [32m1.445869e-02[39m
      0 Linear |R| = [32m1.445869e-02[39m
      1 Linear |R| = [32m6.289031e-17[39m
 1 Nonlinear |R| = [32m9.822883e-10[39m
  Nonlinear solve converged due to CONVERGED_FNORM_ABS iterations 1
[32m Solve Converged![39m

Outlier Variable Residual Norms:
  scalar_strain_zz: [31m9.822883e-10[39m

Postprocessor Values:
+----------------+----------------+----------------+----------------+
| time           | disp_y_max     | react_y_top    | stress_vm_max  |
+----------------+----------------+----------------+----------------+
:                :                :                :                :
|   1.400000e+01 |   4.375000e-02 |   3.967064e+03 |   6.501090e+02 |
|   1.500000e+01 |   4.687500e-02 |   4.250177e+03 |   6.964500e+02 |
|   1.600000e+01 |   5.000000e-02 |   4.533257e+03 |   7.427783e+02 |
|   1.700000e+01 |   5.312500e-02 |   4.816303e+03 |   7.890940e+02 |
|   1.800000e+01 |   5.625000e-02 |   5.099316e+03 |   8.353970e+02 |
|   1.900000e+01 |   5.937500e-02 |   5.382296e+03 |   8.816874e+02 |
|   2.000000e+01 |   6.250000e-02 |   5.665243e+03 |   9.279652e+02 |
|   2.100000e+01 |   6.562500e-02 |   5.948156e+03 |   9.742304e+02 |
|   2.200000e+01 |   6.875000e-02 |   6.231036e+03 |   1.020483e+03 |
|   2.300000e+01 |   7.187500e-02 |   6.513883e+03 |   1.066723e+03 |
|   2.400000e+01 |   7.500000e-02 |   6.796697e+03 |   1.112950e+03 |
|   2.500000e+01 |   7.812500e-02 |   7.079477e+03 |   1.159165e+03 |
|   2.600000e+01 |   8.125000e-02 |   7.362224e+03 |   1.205367e+03 |
|   2.700000e+01 |   8.437500e-02 |   7.644937e+03 |   1.251557e+03 |
|   2.800000e+01 |   8.750000e-02 |   7.927618e+03 |   1.297734e+03 |
+----------------+----------------+----------------+----------------+


Time Step 29, time = 29, dt = 1
  Applying predictor with scale factor = 1
 0 Nonlinear |R| = [32m1.445643e-02[39m
      0 Linear |R| = [32m1.445643e-02[39m
      1 Linear |R| = [32m6.008017e-17[39m
 1 Nonlinear |R| = [32m1.001753e-09[39m
  Nonlinear solve converged due to CONVERGED_FNORM_ABS iterations 1
[32m Solve Converged![39m

Outlier Variable Residual Norms:
  scalar_strain_zz: [31m1.001753e-09[39m

Postprocessor Values:
+----------------+----------------+----------------+----------------+
| time           | disp_y_max     | react_y_top    | stress_vm_max  |
+----------------+----------------+----------------+----------------+
:                :                :                :                :
|   1.500000e+01 |   4.687500e-02 |   4.250177e+03 |   6.964500e+02 |
|   1.600000e+01 |   5.000000e-02 |   4.533257e+03 |   7.427783e+02 |
|   1.700000e+01 |   5.312500e-02 |   4.816303e+03 |   7.890940e+02 |
|   1.800000e+01 |   5.625000e-02 |   5.099316e+03 |   8.353970e+02 |
|   1.900000e+01 |   5.937500e-02 |   5.382296e+03 |   8.816874e+02 |
|   2.000000e+01 |   6.250000e-02 |   5.665243e+03 |   9.279652e+02 |
|   2.100000e+01 |   6.562500e-02 |   5.948156e+03 |   9.742304e+02 |
|   2.200000e+01 |   6.875000e-02 |   6.231036e+03 |   1.020483e+03 |
|   2.300000e+01 |   7.187500e-02 |   6.513883e+03 |   1.066723e+03 |
|   2.400000e+01 |   7.500000e-02 |   6.796697e+03 |   1.112950e+03 |
|   2.500000e+01 |   7.812500e-02 |   7.079477e+03 |   1.159165e+03 |
|   2.600000e+01 |   8.125000e-02 |   7.362224e+03 |   1.205367e+03 |
|   2.700000e+01 |   8.437500e-02 |   7.644937e+03 |   1.251557e+03 |
|   2.800000e+01 |   8.750000e-02 |   7.927618e+03 |   1.297734e+03 |
|   2.900000e+01 |   9.062500e-02 |   8.210264e+03 |   1.343899e+03 |
+----------------+----------------+----------------+----------------+


Time Step 30, time = 30, dt = 1
  Applying predictor with scale factor = 1
 0 Nonlinear |R| = [32m1.445419e-02[39m
      0 Linear |R| = [32m1.445419e-02[39m
      1 Linear |R| = [32m6.900605e-17[39m
 1 Nonlinear |R| = [32m9.978649e-10[39m
  Nonlinear solve converged due to CONVERGED_FNORM_ABS iterations 1
[32m Solve Converged![39m

Outlier Variable Residual Norms:
  scalar_strain_zz: [31m9.978649e-10[39m

Postprocessor Values:
+----------------+----------------+----------------+----------------+
| time           | disp_y_max     | react_y_top    | stress_vm_max  |
+----------------+----------------+----------------+----------------+
:                :                :                :                :
|   1.600000e+01 |   5.000000e-02 |   4.533257e+03 |   7.427783e+02 |
|   1.700000e+01 |   5.312500e-02 |   4.816303e+03 |   7.890940e+02 |
|   1.800000e+01 |   5.625000e-02 |   5.099316e+03 |   8.353970e+02 |
|   1.900000e+01 |   5.937500e-02 |   5.382296e+03 |   8.816874e+02 |
|   2.000000e+01 |   6.250000e-02 |   5.665243e+03 |   9.279652e+02 |
|   2.100000e+01 |   6.562500e-02 |   5.948156e+03 |   9.742304e+02 |
|   2.200000e+01 |   6.875000e-02 |   6.231036e+03 |   1.020483e+03 |
|   2.300000e+01 |   7.187500e-02 |   6.513883e+03 |   1.066723e+03 |
|   2.400000e+01 |   7.500000e-02 |   6.796697e+03 |   1.112950e+03 |
|   2.500000e+01 |   7.812500e-02 |   7.079477e+03 |   1.159165e+03 |
|   2.600000e+01 |   8.125000e-02 |   7.362224e+03 |   1.205367e+03 |
|   2.700000e+01 |   8.437500e-02 |   7.644937e+03 |   1.251557e+03 |
|   2.800000e+01 |   8.750000e-02 |   7.927618e+03 |   1.297734e+03 |
|   2.900000e+01 |   9.062500e-02 |   8.210264e+03 |   1.343899e+03 |
|   3.000000e+01 |   9.375000e-02 |   8.492878e+03 |   1.390051e+03 |
+----------------+----------------+----------------+----------------+


Time Step 31, time = 31, dt = 1
  Applying predictor with scale factor = 1
 0 Nonlinear |R| = [32m1.445195e-02[39m
      0 Linear |R| = [32m1.445195e-02[39m
      1 Linear |R| = [32m7.614186e-17[39m
 1 Nonlinear |R| = [32m1.008731e-09[39m
  Nonlinear solve converged due to CONVERGED_FNORM_ABS iterations 1
[32m Solve Converged![39m

Outlier Variable Residual Norms:
  scalar_strain_zz: [31m1.008731e-09[39m

Postprocessor Values:
+----------------+----------------+----------------+----------------+
| time           | disp_y_max     | react_y_top    | stress_vm_max  |
+----------------+----------------+----------------+----------------+
:                :                :                :                :
|   1.700000e+01 |   5.312500e-02 |   4.816303e+03 |   7.890940e+02 |
|   1.800000e+01 |   5.625000e-02 |   5.099316e+03 |   8.353970e+02 |
|   1.900000e+01 |   5.937500e-02 |   5.382296e+03 |   8.816874e+02 |
|   2.000000e+01 |   6.250000e-02 |   5.665243e+03 |   9.279652e+02 |
|   2.100000e+01 |   6.562500e-02 |   5.948156e+03 |   9.742304e+02 |
|   2.200000e+01 |   6.875000e-02 |   6.231036e+03 |   1.020483e+03 |
|   2.300000e+01 |   7.187500e-02 |   6.513883e+03 |   1.066723e+03 |
|   2.400000e+01 |   7.500000e-02 |   6.796697e+03 |   1.112950e+03 |
|   2.500000e+01 |   7.812500e-02 |   7.079477e+03 |   1.159165e+03 |
|   2.600000e+01 |   8.125000e-02 |   7.362224e+03 |   1.205367e+03 |
|   2.700000e+01 |   8.437500e-02 |   7.644937e+03 |   1.251557e+03 |
|   2.800000e+01 |   8.750000e-02 |   7.927618e+03 |   1.297734e+03 |
|   2.900000e+01 |   9.062500e-02 |   8.210264e+03 |   1.343899e+03 |
|   3.000000e+01 |   9.375000e-02 |   8.492878e+03 |   1.390051e+03 |
|   3.100000e+01 |   9.687500e-02 |   8.775458e+03 |   1.436191e+03 |
+----------------+----------------+----------------+----------------+


Time Step 32, time = 32, dt = 1
  Applying predictor with scale factor = 1
 0 Nonlinear |R| = [32m1.444971e-02[39m
      0 Linear |R| = [32m1.444971e-02[39m
      1 Linear |R| = [32m6.203603e-17[39m
 1 Nonlinear |R| = [32m9.897543e-10[39m
  Nonlinear solve converged due to CONVERGED_FNORM_ABS iterations 1
[32m Solve Converged![39m

Outlier Variable Residual Norms:
  scalar_strain_zz: [31m9.897543e-10[39m

Postprocessor Values:
+----------------+----------------+----------------+----------------+
| time           | disp_y_max     | react_y_top    | stress_vm_max  |
+----------------+----------------+----------------+----------------+
:                :                :                :                :
|   1.800000e+01 |   5.625000e-02 |   5.099316e+03 |   8.353970e+02 |
|   1.900000e+01 |   5.937500e-02 |   5.382296e+03 |   8.816874e+02 |
|   2.000000e+01 |   6.250000e-02 |   5.665243e+03 |   9.279652e+02 |
|   2.100000e+01 |   6.562500e-02 |   5.948156e+03 |   9.742304e+02 |
|   2.200000e+01 |   6.875000e-02 |   6.231036e+03 |   1.020483e+03 |
|   2.300000e+01 |   7.187500e-02 |   6.513883e+03 |   1.066723e+03 |
|   2.400000e+01 |   7.500000e-02 |   6.796697e+03 |   1.112950e+03 |
|   2.500000e+01 |   7.812500e-02 |   7.079477e+03 |   1.159165e+03 |
|   2.600000e+01 |   8.125000e-02 |   7.362224e+03 |   1.205367e+03 |
|   2.700000e+01 |   8.437500e-02 |   7.644937e+03 |   1.251557e+03 |
|   2.800000e+01 |   8.750000e-02 |   7.927618e+03 |   1.297734e+03 |
|   2.900000e+01 |   9.062500e-02 |   8.210264e+03 |   1.343899e+03 |
|   3.000000e+01 |   9.375000e-02 |   8.492878e+03 |   1.390051e+03 |
|   3.100000e+01 |   9.687500e-02 |   8.775458e+03 |   1.436191e+03 |
|   3.200000e+01 |   1.000000e-01 |   9.058005e+03 |   1.482318e+03 |
+----------------+----------------+----------------+----------------+

Finished Executing                                                                       [[33m131.01 s[39m] [[33m  226 MB[39m]
